127.0.0.1 - - [23/Sep/2024:10:18:53 +0900] "GET / HTTP/1.1" 404 807
0:0:0:0:0:0:0:1 - - [23/Sep/2024:10:20:07 +0900] "GET / HTTP/1.1" 404 807
0:0:0:0:0:0:0:1 - - [23/Sep/2024:10:20:08 +0900] "GET /favicon.ico HTTP/1.1" 404 818
0:0:0:0:0:0:0:1 - - [23/Sep/2024:10:20:28 +0900] "GET /testjstl HTTP/1.1" 302 -
0:0:0:0:0:0:0:1 - - [23/Sep/2024:10:20:28 +0900] "GET /testjstl/ HTTP/1.1" 404 820
0:0:0:0:0:0:0:1 - - [23/Sep/2024:10:20:49 +0900] "GET /testjstl.od HTTP/1.1" 404 818
0:0:0:0:0:0:0:1 - - [23/Sep/2024:10:20:55 +0900] "GET /testjstl..do HTTP/1.1" 404 819
127.0.0.1 - - [23/Sep/2024:10:34:07 +0900] "GET / HTTP/1.1" 404 807
0:0:0:0:0:0:0:1 - - [23/Sep/2024:10:34:11 +0900] "GET /testjstl..do HTTP/1.1" 404 819
0:0:0:0:0:0:0:1 - - [23/Sep/2024:10:34:12 +0900] "GET /testjstl..do HTTP/1.1" 404 819
0:0:0:0:0:0:0:1 - - [23/Sep/2024:10:34:12 +0900] "GET /testjstl..do HTTP/1.1" 404 819
0:0:0:0:0:0:0:1 - - [23/Sep/2024:10:34:12 +0900] "GET /testjstl..do HTTP/1.1" 404 819
0:0:0:0:0:0:0:1 - - [23/Sep/2024:10:34:12 +0900] "GET /testjstl..do HTTP/1.1" 404 819
0:0:0:0:0:0:0:1 - - [23/Sep/2024:10:34:13 +0900] "GET /testjstl..do HTTP/1.1" 404 819
0:0:0:0:0:0:0:1 - - [23/Sep/2024:10:34:33 +0900] "GET /testjstl.do HTTP/1.1" 404 818
0:0:0:0:0:0:0:1 - - [23/Sep/2024:10:34:36 +0900] "GET /testjstl HTTP/1.1" 302 -
0:0:0:0:0:0:0:1 - - [23/Sep/2024:10:34:36 +0900] "GET /testjstl/ HTTP/1.1" 200 3136
0:0:0:0:0:0:0:1 - - [23/Sep/2024:10:34:36 +0900] "GET /first/resources/images/photo2.jpg HTTP/1.1" 404 852
0:0:0:0:0:0:0:1 - - [23/Sep/2024:10:34:38 +0900] "GET /testjstl/loginPage.do HTTP/1.1" 404 721
0:0:0:0:0:0:0:1 - - [23/Sep/2024:10:34:41 +0900] "GET /testjstl/main.do HTTP/1.1" 200 3136
0:0:0:0:0:0:0:1 - - [23/Sep/2024:10:34:41 +0900] "GET /first/resources/images/photo2.jpg HTTP/1.1" 404 852
0:0:0:0:0:0:0:1 - - [23/Sep/2024:10:34:43 +0900] "GET /testjstl/main.do HTTP/1.1" 200 3136
0:0:0:0:0:0:0:1 - - [23/Sep/2024:10:34:43 +0900] "GET /first/resources/images/photo2.jpg HTTP/1.1" 404 852
127.0.0.1 - - [23/Sep/2024:10:47:20 +0900] "GET / HTTP/1.1" 404 807
127.0.0.1 - - [23/Sep/2024:10:52:53 +0900] "GET / HTTP/1.1" 404 807
0:0:0:0:0:0:0:1 - - [23/Sep/2024:10:53:00 +0900] "GET /testjstl/main.do HTTP/1.1" 200 3163
0:0:0:0:0:0:0:1 - - [23/Sep/2024:10:53:00 +0900] "GET /testjstl/resources/images/photo2.jpg HTTP/1.1" 200 2527
127.0.0.1 - - [23/Sep/2024:10:53:47 +0900] "GET / HTTP/1.1" 404 807
0:0:0:0:0:0:0:1 - - [23/Sep/2024:10:53:53 +0900] "GET /testjstl/main.do HTTP/1.1" 200 3169
127.0.0.1 - - [23/Sep/2024:10:56:54 +0900] "GET / HTTP/1.1" 404 807
0:0:0:0:0:0:0:1 - - [23/Sep/2024:10:57:03 +0900] "GET /testjstl/main.do HTTP/1.1" 200 3153
127.0.0.1 - - [23/Sep/2024:11:06:31 +0900] "GET / HTTP/1.1" 404 807
0:0:0:0:0:0:0:1 - - [23/Sep/2024:11:06:34 +0900] "GET /testjstl/main.do HTTP/1.1" 200 3153
0:0:0:0:0:0:0:1 - - [23/Sep/2024:11:06:34 +0900] "GET /testjstl/resources/images/photo2.jpg HTTP/1.1" 304 -
0:0:0:0:0:0:0:1 - - [23/Sep/2024:11:06:35 +0900] "GET /testjstl/main.do HTTP/1.1" 200 3153
0:0:0:0:0:0:0:1 - - [23/Sep/2024:11:06:37 +0900] "GET /testjstl/main.do HTTP/1.1" 200 3153
0:0:0:0:0:0:0:1 - - [23/Sep/2024:11:06:38 +0900] "GET /testjstl/testel.do HTTP/1.1" 404 833
0:0:0:0:0:0:0:1 - - [23/Sep/2024:11:07:09 +0900] "GET /testjstl/testcore.do HTTP/1.1" 200 128
127.0.0.1 - - [23/Sep/2024:11:07:30 +0900] "GET / HTTP/1.1" 404 807
0:0:0:0:0:0:0:1 - - [23/Sep/2024:11:07:33 +0900] "GET /testjstl/testcore.do HTTP/1.1" 200 128
0:0:0:0:0:0:0:1 - - [23/Sep/2024:11:07:36 +0900] "GET /testjstl/testel.do HTTP/1.1" 200 128
127.0.0.1 - - [23/Sep/2024:11:22:53 +0900] "GET / HTTP/1.1" 404 807
0:0:0:0:0:0:0:1 - - [23/Sep/2024:11:23:06 +0900] "GET /testjstl/main.do HTTP/1.1" 200 3153
0:0:0:0:0:0:0:1 - - [23/Sep/2024:11:23:06 +0900] "GET /testjstl/resources/images/photo2.jpg HTTP/1.1" 304 -
0:0:0:0:0:0:0:1 - - [23/Sep/2024:11:23:11 +0900] "GET /testjstl/testel.do HTTP/1.1" 404 833
0:0:0:0:0:0:0:1 - - [23/Sep/2024:11:23:16 +0900] "GET /testjstl/testel.do HTTP/1.1" 404 833
127.0.0.1 - - [23/Sep/2024:11:23:42 +0900] "GET / HTTP/1.1" 404 807
0:0:0:0:0:0:0:1 - - [23/Sep/2024:11:23:46 +0900] "GET /testjstl/testel.do HTTP/1.1" 404 833
0:0:0:0:0:0:0:1 - - [23/Sep/2024:11:23:46 +0900] "GET /testjstl/testel.do HTTP/1.1" 404 833
0:0:0:0:0:0:0:1 - - [23/Sep/2024:11:23:46 +0900] "GET /testjstl/testel.do HTTP/1.1" 404 833
0:0:0:0:0:0:0:1 - - [23/Sep/2024:11:23:53 +0900] "GET /testjstl/main.do HTTP/1.1" 200 3153
0:0:0:0:0:0:0:1 - - [23/Sep/2024:11:23:55 +0900] "GET /testjstl/testcore.do HTTP/1.1" 200 128
0:0:0:0:0:0:0:1 - - [23/Sep/2024:11:23:57 +0900] "GET /testjstl/testel.do HTTP/1.1" 404 833
127.0.0.1 - - [23/Sep/2024:11:24:40 +0900] "GET / HTTP/1.1" 404 807
0:0:0:0:0:0:0:1 - - [23/Sep/2024:11:24:42 +0900] "GET /testjstl/testel.do HTTP/1.1" 200 205
0:0:0:0:0:0:0:1 - - [23/Sep/2024:11:36:16 +0900] "GET /testjstl/main.do HTTP/1.1" 200 3153
0:0:0:0:0:0:0:1 - - [23/Sep/2024:11:36:16 +0900] "GET /testjstl/resources/images/photo2.jpg HTTP/1.1" 304 -
0:0:0:0:0:0:0:1 - - [23/Sep/2024:11:36:17 +0900] "GET /testjstl/testcore.do HTTP/1.1" 200 128
0:0:0:0:0:0:0:1 - - [23/Sep/2024:11:36:21 +0900] "GET /testjstl/testel.do HTTP/1.1" 200 205
127.0.0.1 - - [23/Sep/2024:11:38:09 +0900] "GET / HTTP/1.1" 404 807
0:0:0:0:0:0:0:1 - - [23/Sep/2024:11:38:12 +0900] "GET /testjstl/testel.do HTTP/1.1" 200 283
127.0.0.1 - - [23/Sep/2024:11:39:02 +0900] "GET / HTTP/1.1" 404 807
0:0:0:0:0:0:0:1 - - [23/Sep/2024:11:39:06 +0900] "GET /testjstl/testel.do HTTP/1.1" 200 283
127.0.0.1 - - [23/Sep/2024:11:46:47 +0900] "GET / HTTP/1.1" 404 807
0:0:0:0:0:0:0:1 - - [23/Sep/2024:11:46:51 +0900] "GET /testjstl/testel.do HTTP/1.1" 200 390
0:0:0:0:0:0:0:1 - - [23/Sep/2024:11:47:03 +0900] "GET /testjstl/main.do HTTP/1.1" 200 3153
0:0:0:0:0:0:0:1 - - [23/Sep/2024:11:47:04 +0900] "GET /testjstl/main.do HTTP/1.1" 200 3153
0:0:0:0:0:0:0:1 - - [23/Sep/2024:11:47:06 +0900] "GET /testjstl/testel.do HTTP/1.1" 200 390
0:0:0:0:0:0:0:1 - - [23/Sep/2024:11:47:16 +0900] "GET /testjstl/main.do HTTP/1.1" 200 3153
0:0:0:0:0:0:0:1 - - [23/Sep/2024:11:47:17 +0900] "GET /testjstl/main.do HTTP/1.1" 200 3153
0:0:0:0:0:0:0:1 - - [23/Sep/2024:11:47:17 +0900] "GET /testjstl/main.do HTTP/1.1" 200 3153
0:0:0:0:0:0:0:1 - - [23/Sep/2024:11:47:17 +0900] "GET /testjstl/main.do HTTP/1.1" 200 3153
0:0:0:0:0:0:0:1 - - [23/Sep/2024:11:47:17 +0900] "GET /testjstl/main.do HTTP/1.1" 200 3153
0:0:0:0:0:0:0:1 - - [23/Sep/2024:11:47:18 +0900] "GET /testjstl/testel.do HTTP/1.1" 200 390
127.0.0.1 - - [23/Sep/2024:11:48:33 +0900] "GET / HTTP/1.1" 404 807
0:0:0:0:0:0:0:1 - - [23/Sep/2024:11:48:40 +0900] "GET /testjstl/main.do HTTP/1.1" 200 3153
0:0:0:0:0:0:0:1 - - [23/Sep/2024:11:48:40 +0900] "GET /testjstl/main.do HTTP/1.1" 200 3153
0:0:0:0:0:0:0:1 - - [23/Sep/2024:11:48:41 +0900] "GET /testjstl/testel.do HTTP/1.1" 200 401
127.0.0.1 - - [23/Sep/2024:11:56:20 +0900] "GET / HTTP/1.1" 404 807
0:0:0:0:0:0:0:1 - - [23/Sep/2024:11:56:27 +0900] "GET /testjstl/main.do HTTP/1.1" 200 3153
0:0:0:0:0:0:0:1 - - [23/Sep/2024:11:56:27 +0900] "GET /testjstl/resources/images/photo2.jpg HTTP/1.1" 304 -
0:0:0:0:0:0:0:1 - - [23/Sep/2024:11:56:28 +0900] "GET /testjstl/main.do HTTP/1.1" 200 3153
0:0:0:0:0:0:0:1 - - [23/Sep/2024:11:56:29 +0900] "GET /testjstl/testel.do HTTP/1.1" 200 443
127.0.0.1 - - [23/Sep/2024:12:03:25 +0900] "GET / HTTP/1.1" 404 807
127.0.0.1 - - [23/Sep/2024:12:03:32 +0900] "GET / HTTP/1.1" 404 807
0:0:0:0:0:0:0:1 - - [23/Sep/2024:12:03:37 +0900] "GET /testjstl/testel.do HTTP/1.1" 200 621
127.0.0.1 - - [23/Sep/2024:12:25:48 +0900] "GET / HTTP/1.1" 404 807
0:0:0:0:0:0:0:1 - - [23/Sep/2024:12:25:58 +0900] "GET /testjstl/testel.do HTTP/1.1" 200 1213
127.0.0.1 - - [23/Sep/2024:13:08:24 +0900] "GET / HTTP/1.1" 404 807
0:0:0:0:0:0:0:1 - - [23/Sep/2024:13:08:32 +0900] "GET /testjstl/testel.do HTTP/1.1" 200 1213
0:0:0:0:0:0:0:1 - - [23/Sep/2024:13:08:40 +0900] "GET /testjstl/main.do HTTP/1.1" 200 3153
0:0:0:0:0:0:0:1 - - [23/Sep/2024:13:08:40 +0900] "GET /testjstl/resources/images/photo2.jpg HTTP/1.1" 304 -
0:0:0:0:0:0:0:1 - - [23/Sep/2024:13:08:40 +0900] "GET /testjstl/main.do HTTP/1.1" 200 3153
0:0:0:0:0:0:0:1 - - [23/Sep/2024:13:08:41 +0900] "GET /testjstl/main.do HTTP/1.1" 200 3153
0:0:0:0:0:0:0:1 - - [23/Sep/2024:13:08:42 +0900] "GET /testjstl/testcore.do HTTP/1.1" 200 363
127.0.0.1 - - [23/Sep/2024:13:09:33 +0900] "GET / HTTP/1.1" 404 807
127.0.0.1 - - [23/Sep/2024:13:11:15 +0900] "GET / HTTP/1.1" 404 807
0:0:0:0:0:0:0:1 - - [23/Sep/2024:13:11:18 +0900] "GET /testjstl/main.do HTTP/1.1" 200 3157
0:0:0:0:0:0:0:1 - - [23/Sep/2024:13:11:20 +0900] "GET /testjstl/testcore.do HTTP/1.1" 200 390
127.0.0.1 - - [23/Sep/2024:13:13:03 +0900] "GET / HTTP/1.1" 404 807
127.0.0.1 - - [23/Sep/2024:13:13:44 +0900] "GET / HTTP/1.1" 404 807
0:0:0:0:0:0:0:1 - - [23/Sep/2024:13:13:54 +0900] "GET /testjstl/main.do HTTP/1.1" 200 3157
0:0:0:0:0:0:0:1 - - [23/Sep/2024:13:13:55 +0900] "GET /testjstl/main.do HTTP/1.1" 200 3157
0:0:0:0:0:0:0:1 - - [23/Sep/2024:13:13:57 +0900] "GET /testjstl/main.do HTTP/1.1" 200 3157
0:0:0:0:0:0:0:1 - - [23/Sep/2024:13:13:59 +0900] "GET /testjstl/testfmt.do HTTP/1.1" 200 190
0:0:0:0:0:0:0:1 - - [23/Sep/2024:13:14:25 +0900] "GET /testjstl/testel.do HTTP/1.1" 200 1213
0:0:0:0:0:0:0:1 - - [23/Sep/2024:13:14:27 +0900] "GET /testjstl/testcore.do HTTP/1.1" 200 390
127.0.0.1 - - [23/Sep/2024:14:26:12 +0900] "GET / HTTP/1.1" 404 807
0:0:0:0:0:0:0:1 - - [23/Sep/2024:14:26:19 +0900] "GET /testjstl/main.do HTTP/1.1" 200 3157
0:0:0:0:0:0:0:1 - - [23/Sep/2024:14:26:19 +0900] "GET /testjstl/resources/images/photo2.jpg HTTP/1.1" 304 -
0:0:0:0:0:0:0:1 - - [23/Sep/2024:14:26:19 +0900] "GET /testjstl/main.do HTTP/1.1" 200 3157
0:0:0:0:0:0:0:1 - - [23/Sep/2024:14:26:19 +0900] "GET /testjstl/main.do HTTP/1.1" 200 3157
0:0:0:0:0:0:0:1 - - [23/Sep/2024:14:26:20 +0900] "GET /testjstl/testcore.do HTTP/1.1" 200 502
127.0.0.1 - - [23/Sep/2024:14:26:42 +0900] "GET / HTTP/1.1" 404 807
0:0:0:0:0:0:0:1 - - [23/Sep/2024:14:26:45 +0900] "GET /testjstl/testcore.do HTTP/1.1" 200 506
127.0.0.1 - - [23/Sep/2024:14:29:53 +0900] "GET / HTTP/1.1" 404 807
127.0.0.1 - - [23/Sep/2024:14:30:24 +0900] "GET / HTTP/1.1" 404 807
0:0:0:0:0:0:0:1 - - [23/Sep/2024:14:30:31 +0900] "GET /testjstl/testcore.do HTTP/1.1" 200 595
0:0:0:0:0:0:0:1 - - [23/Sep/2024:14:30:56 +0900] "GET /testjstl/testfmt.do HTTP/1.1" 200 187
0:0:0:0:0:0:0:1 - - [23/Sep/2024:14:31:00 +0900] "GET /testjstl/testfmt.do HTTP/1.1" 200 187
0:0:0:0:0:0:0:1 - - [23/Sep/2024:14:31:00 +0900] "GET /testjstl/testfmt.do HTTP/1.1" 200 187
0:0:0:0:0:0:0:1 - - [23/Sep/2024:14:31:00 +0900] "GET /testjstl/testfmt.do HTTP/1.1" 200 187
0:0:0:0:0:0:0:1 - - [23/Sep/2024:14:31:02 +0900] "GET /testjstl/testfmt.do HTTP/1.1" 200 187
0:0:0:0:0:0:0:1 - - [23/Sep/2024:14:31:02 +0900] "GET /testjstl/testfmt.do HTTP/1.1" 200 187
0:0:0:0:0:0:0:1 - - [23/Sep/2024:14:31:02 +0900] "GET /testjstl/testfmt.do HTTP/1.1" 200 187
0:0:0:0:0:0:0:1 - - [23/Sep/2024:14:31:02 +0900] "GET /testjstl/testfmt.do HTTP/1.1" 200 187
0:0:0:0:0:0:0:1 - - [23/Sep/2024:14:31:02 +0900] "GET /testjstl/testfmt.do HTTP/1.1" 200 187
0:0:0:0:0:0:0:1 - - [23/Sep/2024:14:31:09 +0900] "GET /testjstl/main.do HTTP/1.1" 200 3157
0:0:0:0:0:0:0:1 - - [23/Sep/2024:14:31:10 +0900] "GET /testjstl/main.do HTTP/1.1" 200 3157
0:0:0:0:0:0:0:1 - - [23/Sep/2024:14:31:10 +0900] "GET /testjstl/main.do HTTP/1.1" 200 3157
0:0:0:0:0:0:0:1 - - [23/Sep/2024:14:31:12 +0900] "GET /testjstl/loginPage.do HTTP/1.1" 404 721
127.0.0.1 - - [23/Sep/2024:14:36:49 +0900] "GET / HTTP/1.1" 404 807
0:0:0:0:0:0:0:1 - - [23/Sep/2024:14:36:53 +0900] "GET /testjstl/main.do HTTP/1.1" 200 3157
0:0:0:0:0:0:0:1 - - [23/Sep/2024:14:36:53 +0900] "GET /testjstl/main.do HTTP/1.1" 200 3157
0:0:0:0:0:0:0:1 - - [23/Sep/2024:14:36:55 +0900] "GET /testjstl/testcore.do HTTP/1.1" 200 791
127.0.0.1 - - [23/Sep/2024:14:41:46 +0900] "GET / HTTP/1.1" 404 807
127.0.0.1 - - [23/Sep/2024:14:41:51 +0900] "GET / HTTP/1.1" 404 807
0:0:0:0:0:0:0:1 - - [23/Sep/2024:14:42:12 +0900] "GET /testjstl/testcore.do HTTP/1.1" 200 824
0:0:0:0:0:0:0:1 - - [23/Sep/2024:14:43:19 +0900] "GET /testjstl/testcore.do?name=qkqh HTTP/1.1" 200 826
0:0:0:0:0:0:0:1 - - [23/Sep/2024:14:43:46 +0900] "GET /testjstl/testcore.do?name=%EC%A0%95%EC%9D%80%EC%A7%80 HTTP/1.1" 200 831
127.0.0.1 - - [23/Sep/2024:14:49:15 +0900] "GET / HTTP/1.1" 404 807
0:0:0:0:0:0:0:1 - - [23/Sep/2024:14:49:24 +0900] "GET /testjstl/testcore.do?name=%EC%A0%95%EC%9D%80%EC%A7%80 HTTP/1.1" 200 934
0:0:0:0:0:0:0:1 - - [23/Sep/2024:14:49:32 +0900] "GET /testjstl/testcore.do HTTP/1.1" 200 931
0:0:0:0:0:0:0:1 - - [23/Sep/2024:14:49:33 +0900] "GET /testjstl/testcore.do HTTP/1.1" 200 931
127.0.0.1 - - [23/Sep/2024:14:54:58 +0900] "GET / HTTP/1.1" 404 807
0:0:0:0:0:0:0:1 - - [23/Sep/2024:14:55:02 +0900] "GET /testjstl/testcore.do HTTP/1.1" 200 1019
127.0.0.1 - - [23/Sep/2024:15:09:59 +0900] "GET / HTTP/1.1" 404 807
0:0:0:0:0:0:0:1 - - [23/Sep/2024:15:10:07 +0900] "GET /testjstl/testcore.do HTTP/1.1" 200 1665
127.0.0.1 - - [23/Sep/2024:15:12:17 +0900] "GET / HTTP/1.1" 404 807
0:0:0:0:0:0:0:1 - - [23/Sep/2024:15:12:23 +0900] "GET /testjstl/testcore.do HTTP/1.1" 200 1975
127.0.0.1 - - [23/Sep/2024:15:12:56 +0900] "GET / HTTP/1.1" 404 807
0:0:0:0:0:0:0:1 - - [23/Sep/2024:15:13:01 +0900] "GET /testjstl/testcore.do HTTP/1.1" 200 1975
127.0.0.1 - - [23/Sep/2024:15:27:32 +0900] "GET / HTTP/1.1" 404 807
0:0:0:0:0:0:0:1 - - [23/Sep/2024:15:27:38 +0900] "GET /testjstl/testcore.do HTTP/1.1" 200 2178
127.0.0.1 - - [23/Sep/2024:15:28:40 +0900] "GET / HTTP/1.1" 404 807
0:0:0:0:0:0:0:1 - - [23/Sep/2024:15:28:45 +0900] "GET /testjstl/testcore.do HTTP/1.1" 200 2400
127.0.0.1 - - [23/Sep/2024:15:34:52 +0900] "GET / HTTP/1.1" 404 807
0:0:0:0:0:0:0:1 - - [23/Sep/2024:15:34:55 +0900] "GET /testjstl/testcore.do HTTP/1.1" 200 2535
127.0.0.1 - - [23/Sep/2024:15:37:40 +0900] "GET / HTTP/1.1" 404 807
127.0.0.1 - - [23/Sep/2024:15:37:44 +0900] "GET / HTTP/1.1" 404 807
0:0:0:0:0:0:0:1 - - [23/Sep/2024:15:37:51 +0900] "GET /testjstl/testcore.do HTTP/1.1" 500 4080
127.0.0.1 - - [23/Sep/2024:15:38:58 +0900] "GET / HTTP/1.1" 404 807
0:0:0:0:0:0:0:1 - - [23/Sep/2024:15:39:03 +0900] "GET /testjstl/testcore.do HTTP/1.1" 200 2602
127.0.0.1 - - [23/Sep/2024:15:44:04 +0900] "GET / HTTP/1.1" 404 807
0:0:0:0:0:0:0:1 - - [23/Sep/2024:15:44:06 +0900] "GET /testjstl/testcore.do HTTP/1.1" 200 2812
0:0:0:0:0:0:0:1 - - [23/Sep/2024:15:44:10 +0900] "GET /testjstl/testFmt.jsp?no=123&name=%ED%99%8D%EA%B8%B8%EB%8F%99&pahe=1 HTTP/1.1" 404 803
0:0:0:0:0:0:0:1 - - [23/Sep/2024:15:44:15 +0900] "GET /testjstl/testFmt.jsp?no=123&name=%ED%99%8D%EA%B8%B8%EB%8F%99&pahe=1 HTTP/1.1" 404 803
0:0:0:0:0:0:0:1 - - [23/Sep/2024:15:44:15 +0900] "GET /testjstl/testFmt.jsp?no=123&name=%ED%99%8D%EA%B8%B8%EB%8F%99&pahe=1 HTTP/1.1" 404 803
0:0:0:0:0:0:0:1 - - [23/Sep/2024:15:44:17 +0900] "GET /testjstl/testcore.do HTTP/1.1" 200 2812
0:0:0:0:0:0:0:1 - - [23/Sep/2024:15:44:21 +0900] "GET /testjstl/testFmt.jsp?no=123&name=%ED%99%8D%EA%B8%B8%EB%8F%99&pahe=1 HTTP/1.1" 404 803
127.0.0.1 - - [23/Sep/2024:15:45:50 +0900] "GET / HTTP/1.1" 404 807
0:0:0:0:0:0:0:1 - - [23/Sep/2024:15:46:01 +0900] "GET /testjstl/main.do HTTP/1.1" 200 3157
0:0:0:0:0:0:0:1 - - [23/Sep/2024:15:46:01 +0900] "GET /testjstl/resources/images/photo2.jpg HTTP/1.1" 304 -
0:0:0:0:0:0:0:1 - - [23/Sep/2024:15:46:01 +0900] "GET /testjstl/main.do HTTP/1.1" 200 3157
0:0:0:0:0:0:0:1 - - [23/Sep/2024:15:46:05 +0900] "GET /testjstl/testcore.do HTTP/1.1" 200 2832
0:0:0:0:0:0:0:1 - - [23/Sep/2024:15:46:08 +0900] "GET /WEB-INF/views/test/testFmt.jsp?no=123&name=%ED%99%8D%EA%B8%B8%EB%8F%99&pahe=1 HTTP/1.1" 404 721
127.0.0.1 - - [23/Sep/2024:15:46:44 +0900] "GET / HTTP/1.1" 404 807
0:0:0:0:0:0:0:1 - - [23/Sep/2024:15:46:49 +0900] "GET /WEB-INF/views/test/testFmt.jsp?no=123&name=%ED%99%8D%EA%B8%B8%EB%8F%99&pahe=1 HTTP/1.1" 404 721
0:0:0:0:0:0:0:1 - - [23/Sep/2024:15:46:52 +0900] "GET /testjstl/main.do HTTP/1.1" 200 3157
0:0:0:0:0:0:0:1 - - [23/Sep/2024:15:46:52 +0900] "GET /testjstl/main.do HTTP/1.1" 200 3157
0:0:0:0:0:0:0:1 - - [23/Sep/2024:15:46:52 +0900] "GET /testjstl/main.do HTTP/1.1" 200 3157
0:0:0:0:0:0:0:1 - - [23/Sep/2024:15:46:54 +0900] "GET /testjstl/testcore.do HTTP/1.1" 200 2841
0:0:0:0:0:0:0:1 - - [23/Sep/2024:15:46:57 +0900] "GET /testjstl/WEB-INF/views/test/testFmt.jsp?no=123&name=%ED%99%8D%EA%B8%B8%EB%8F%99&pahe=1 HTTP/1.1" 404 721
127.0.0.1 - - [23/Sep/2024:16:12:42 +0900] "GET / HTTP/1.1" 404 807
0:0:0:0:0:0:0:1 - - [23/Sep/2024:16:12:44 +0900] "GET /testjstl/WEB-INF/views/test/testFmt.jsp?no=123&name=%ED%99%8D%EA%B8%B8%EB%8F%99&pahe=1 HTTP/1.1" 404 721
0:0:0:0:0:0:0:1 - - [23/Sep/2024:16:12:45 +0900] "GET /testjstl/WEB-INF/views/test/testFmt.jsp?no=123&name=%ED%99%8D%EA%B8%B8%EB%8F%99&pahe=1 HTTP/1.1" 404 721
0:0:0:0:0:0:0:1 - - [23/Sep/2024:16:12:48 +0900] "GET /testjstl/testcore.do HTTP/1.1" 200 3044
0:0:0:0:0:0:0:1 - - [23/Sep/2024:16:12:52 +0900] "GET null HTTP/1.1" 400 2187
0:0:0:0:0:0:0:1 - - [23/Sep/2024:16:12:56 +0900] "GET /testjstl/moveFmt.do?no=100&name=%ed%99%8d%ea%b8%b8%eb%8f%99&page=200 HTTP/1.1" 200 187
127.0.0.1 - - [23/Sep/2024:16:17:13 +0900] "GET / HTTP/1.1" 404 807
0:0:0:0:0:0:0:1 - - [23/Sep/2024:16:17:15 +0900] "GET null HTTP/1.1" 400 2187
0:0:0:0:0:0:0:1 - - [23/Sep/2024:16:17:19 +0900] "GET /testjstl/moveFmt.do?no=100&name=%ed%99%8d%ea%b8%b8%eb%8f%99&page=200 HTTP/1.1" 200 187
0:0:0:0:0:0:0:1 - - [23/Sep/2024:16:18:13 +0900] "GET /testjstl/testcore.do HTTP/1.1" 200 3043
0:0:0:0:0:0:0:1 - - [23/Sep/2024:16:18:14 +0900] "GET /testjstl/testcore.do HTTP/1.1" 200 3043
0:0:0:0:0:0:0:1 - - [23/Sep/2024:16:18:15 +0900] "GET /testjstl/testcore.do HTTP/1.1" 200 3043
0:0:0:0:0:0:0:1 - - [23/Sep/2024:16:18:16 +0900] "GET /testjstl/moveFmt.do?no=100&name=%ed%99%8d%ea%b8%b8%eb%8f%99&page=200 HTTP/1.1" 200 187
0:0:0:0:0:0:0:1 - - [23/Sep/2024:16:18:19 +0900] "GET /testjstl/MoveFmt.do?no=100&name=%ED%99%8D%EA%B8%B8%EB%8F%99&page=200 HTTP/1.1" 404 721
0:0:0:0:0:0:0:1 - - [23/Sep/2024:16:18:36 +0900] "GET /testjstl/testcore.do HTTP/1.1" 200 3043
0:0:0:0:0:0:0:1 - - [23/Sep/2024:16:18:36 +0900] "GET /testjstl/testcore.do HTTP/1.1" 200 3043
0:0:0:0:0:0:0:1 - - [23/Sep/2024:16:18:37 +0900] "GET /testjstl/testcore.do HTTP/1.1" 200 3043
127.0.0.1 - - [23/Sep/2024:16:22:10 +0900] "GET / HTTP/1.1" 404 807
0:0:0:0:0:0:0:1 - - [23/Sep/2024:16:22:15 +0900] "GET /testjstl/testcore.do HTTP/1.1" 200 3043
0:0:0:0:0:0:0:1 - - [23/Sep/2024:16:22:17 +0900] "GET /testjstl/testcore.do HTTP/1.1" 200 3043
0:0:0:0:0:0:0:1 - - [23/Sep/2024:16:22:18 +0900] "GET /testjstl/moveFmt.do?no=100&name=%ED%99%8D%EA%B8%B8%EB%8F%99&page=200 HTTP/1.1" 200 187
0:0:0:0:0:0:0:1 - - [23/Sep/2024:16:22:35 +0900] "GET /testjstl/moveFmt.do?no=100&name=%ed%99%8d%ea%b8%b8%eb%8f%99&page=200 HTTP/1.1" 200 187
0:0:0:0:0:0:0:1 - - [23/Sep/2024:16:22:38 +0900] "GET /testjstl/moveFmt.do?no=100&name=%ED%99%8D%EA%B8%B8%EB%8F%99&page=200 HTTP/1.1" 200 187
0:0:0:0:0:0:0:1 - - [23/Sep/2024:16:24:51 +0900] "GET /testjstl/moveFmt.do?no=100&name=%ED%99%8D%EA%B8%B8%EB%8F%99&page=200 HTTP/1.1" 200 187
127.0.0.1 - - [23/Sep/2024:16:29:38 +0900] "GET / HTTP/1.1" 404 807
0:0:0:0:0:0:0:1 - - [23/Sep/2024:16:30:00 +0900] "GET /testjstl/testcore.do HTTP/1.1" 200 3609
127.0.0.1 - - [23/Sep/2024:16:34:49 +0900] "GET / HTTP/1.1" 404 807
0:0:0:0:0:0:0:1 - - [23/Sep/2024:16:34:55 +0900] "GET /testjstl/testcore.do HTTP/1.1" 200 3768
0:0:0:0:0:0:0:1 - - [23/Sep/2024:16:35:49 +0900] "GET /testjstl/testcore.do?name=%EC%98%A4%EC%A0%95%EB%AF%BC HTTP/1.1" 200 3771
127.0.0.1 - - [23/Sep/2024:16:38:38 +0900] "GET / HTTP/1.1" 404 807
0:0:0:0:0:0:0:1 - - [23/Sep/2024:16:38:48 +0900] "GET /testjstl/testcore.do?name=%EC%98%A4%EC%A0%95%EB%AF%BC HTTP/1.1" 302 -
0:0:0:0:0:0:0:1 - - [23/Sep/2024:16:38:48 +0900] "GET /testjstl/testfmt.do HTTP/1.1" 200 187
0:0:0:0:0:0:0:1 - - [23/Sep/2024:16:38:52 +0900] "GET /testjstl/main.do HTTP/1.1" 200 3157
0:0:0:0:0:0:0:1 - - [23/Sep/2024:16:38:52 +0900] "GET /testjstl/resources/images/photo2.jpg HTTP/1.1" 304 -
0:0:0:0:0:0:0:1 - - [23/Sep/2024:16:38:54 +0900] "GET /testjstl/testfmt.do HTTP/1.1" 200 187
0:0:0:0:0:0:0:1 - - [23/Sep/2024:16:38:58 +0900] "GET /testjstl/testcore.do HTTP/1.1" 302 -
0:0:0:0:0:0:0:1 - - [23/Sep/2024:16:38:58 +0900] "GET /testjstl/testfmt.do HTTP/1.1" 200 187
0:0:0:0:0:0:0:1 - - [23/Sep/2024:16:39:56 +0900] "GET /testjstl/testfmt.do HTTP/1.1" 200 187
0:0:0:0:0:0:0:1 - - [23/Sep/2024:16:39:58 +0900] "GET /testjstl/main.do HTTP/1.1" 200 3157
0:0:0:0:0:0:0:1 - - [23/Sep/2024:16:39:59 +0900] "GET /testjstl/main.do HTTP/1.1" 200 3157
0:0:0:0:0:0:0:1 - - [23/Sep/2024:16:40:00 +0900] "GET /testjstl/testcore.do HTTP/1.1" 200 4107
0:0:0:0:0:0:0:1 - - [23/Sep/2024:17:00:20 +0900] "GET /testjstl/testfmt.do HTTP/1.1" 200 253
0:0:0:0:0:0:0:1 - - [23/Sep/2024:17:04:24 +0900] "GET /testjstl/testfmt.do HTTP/1.1" 200 935
0:0:0:0:0:0:0:1 - - [23/Sep/2024:17:04:29 +0900] "GET /testjstl/testfmt.do HTTP/1.1" 200 935
0:0:0:0:0:0:0:1 - - [23/Sep/2024:17:04:30 +0900] "GET /testjstl/testfmt.do HTTP/1.1" 200 935
0:0:0:0:0:0:0:1 - - [23/Sep/2024:17:04:30 +0900] "GET /testjstl/testfmt.do HTTP/1.1" 200 935
0:0:0:0:0:0:0:1 - - [23/Sep/2024:17:04:30 +0900] "GET /testjstl/testfmt.do HTTP/1.1" 200 935
0:0:0:0:0:0:0:1 - - [23/Sep/2024:17:04:31 +0900] "GET /testjstl/testfmt.do HTTP/1.1" 200 935
0:0:0:0:0:0:0:1 - - [23/Sep/2024:17:04:31 +0900] "GET /testjstl/testfmt.do HTTP/1.1" 200 935
0:0:0:0:0:0:0:1 - - [23/Sep/2024:17:04:31 +0900] "GET /testjstl/testfmt.do HTTP/1.1" 200 935
0:0:0:0:0:0:0:1 - - [23/Sep/2024:17:04:32 +0900] "GET /testjstl/testfmt.do HTTP/1.1" 200 935
0:0:0:0:0:0:0:1 - - [23/Sep/2024:17:04:32 +0900] "GET /testjstl/testfmt.do HTTP/1.1" 200 935
127.0.0.1 - - [23/Sep/2024:17:06:32 +0900] "GET / HTTP/1.1" 404 807
127.0.0.1 - - [23/Sep/2024:17:06:40 +0900] "GET / HTTP/1.1" 404 807
0:0:0:0:0:0:0:1 - - [23/Sep/2024:17:06:44 +0900] "GET /testjstl/testfmt.do HTTP/1.1" 200 980
127.0.0.1 - - [23/Sep/2024:17:07:20 +0900] "GET / HTTP/1.1" 404 807
127.0.0.1 - - [23/Sep/2024:17:07:25 +0900] "GET / HTTP/1.1" 404 807
0:0:0:0:0:0:0:1 - - [23/Sep/2024:17:07:30 +0900] "GET /testjstl/testfmt.do HTTP/1.1" 200 983
127.0.0.1 - - [23/Sep/2024:17:07:49 +0900] "GET / HTTP/1.1" 404 807
127.0.0.1 - - [23/Sep/2024:17:07:56 +0900] "GET / HTTP/1.1" 404 807
0:0:0:0:0:0:0:1 - - [23/Sep/2024:17:08:05 +0900] "GET /testjstl/testfmt.do HTTP/1.1" 200 989
0:0:0:0:0:0:0:1 - - [23/Sep/2024:17:21:15 +0900] "GET /testjstl/testfmt.do HTTP/1.1" 200 993
0:0:0:0:0:0:0:1 - - [23/Sep/2024:17:21:17 +0900] "GET /testjstl/testfmt.do HTTP/1.1" 200 993
0:0:0:0:0:0:0:1 - - [23/Sep/2024:17:21:18 +0900] "GET /testjstl/testfmt.do HTTP/1.1" 200 993
0:0:0:0:0:0:0:1 - - [23/Sep/2024:17:21:18 +0900] "GET /testjstl/testfmt.do HTTP/1.1" 200 993
0:0:0:0:0:0:0:1 - - [23/Sep/2024:17:21:18 +0900] "GET /testjstl/testfmt.do HTTP/1.1" 200 993
0:0:0:0:0:0:0:1 - - [23/Sep/2024:17:21:19 +0900] "GET /testjstl/testfmt.do HTTP/1.1" 200 993
0:0:0:0:0:0:0:1 - - [23/Sep/2024:17:21:20 +0900] "GET /testjstl/testfmt.do HTTP/1.1" 200 993
0:0:0:0:0:0:0:1 - - [23/Sep/2024:17:21:20 +0900] "GET /testjstl/testfmt.do HTTP/1.1" 200 993
0:0:0:0:0:0:0:1 - - [23/Sep/2024:17:21:21 +0900] "GET /testjstl/testfmt.do HTTP/1.1" 200 993
127.0.0.1 - - [23/Sep/2024:17:29:25 +0900] "GET / HTTP/1.1" 404 807
127.0.0.1 - - [23/Sep/2024:17:29:43 +0900] "GET / HTTP/1.1" 404 807
0:0:0:0:0:0:0:1 - - [23/Sep/2024:17:29:53 +0900] "GET /testjstl/testfmt.do HTTP/1.1" 200 1347
0:0:0:0:0:0:0:1 - - [23/Sep/2024:17:30:57 +0900] "GET /testjstl/testfmt.do HTTP/1.1" 200 1347
127.0.0.1 - - [23/Sep/2024:17:36:24 +0900] "GET / HTTP/1.1" 404 807
0:0:0:0:0:0:0:1 - - [23/Sep/2024:17:36:34 +0900] "GET /testjstl/testfmt.do HTTP/1.1" 200 1519
127.0.0.1 - - [23/Sep/2024:17:43:03 +0900] "GET / HTTP/1.1" 404 807
127.0.0.1 - - [23/Sep/2024:17:43:26 +0900] "GET / HTTP/1.1" 404 807
127.0.0.1 - - [23/Sep/2024:17:44:02 +0900] "GET / HTTP/1.1" 404 807
127.0.0.1 - - [23/Sep/2024:17:44:15 +0900] "GET / HTTP/1.1" 404 807
0:0:0:0:0:0:0:1 - - [23/Sep/2024:17:44:25 +0900] "GET /testjstl/testfmt.do HTTP/1.1" 200 1932
127.0.0.1 - - [23/Sep/2024:17:44:36 +0900] "GET / HTTP/1.1" 404 807
127.0.0.1 - - [23/Sep/2024:17:44:41 +0900] "GET / HTTP/1.1" 404 807
127.0.0.1 - - [23/Sep/2024:17:44:55 +0900] "GET / HTTP/1.1" 404 807
127.0.0.1 - - [23/Sep/2024:17:47:11 +0900] "GET / HTTP/1.1" 404 807
127.0.0.1 - - [23/Sep/2024:17:54:28 +0900] "GET / HTTP/1.1" 404 807
0:0:0:0:0:0:0:1 - - [23/Sep/2024:17:54:34 +0900] "GET /testjstl/testfn.do HTTP/1.1" 500 13837
0:0:0:0:0:0:0:1 - - [23/Sep/2024:17:55:02 +0900] "GET /testjstl/testfn.do HTTP/1.1" 500 4590
127.0.0.1 - - [23/Sep/2024:17:55:49 +0900] "GET / HTTP/1.1" 404 807
0:0:0:0:0:0:0:1 - - [23/Sep/2024:17:55:52 +0900] "GET /testjstl/testfn.do HTTP/1.1" 200 645
